To honour the JVM settings for this build a single-use Daemon process will be forked. For more on this, please refer to https://docs.gradle.org/8.5/userguide/gradle_daemon.html#sec:disabling_the_daemon in the Gradle documentation.
Daemon will be stopped at the end of the build
Warning: SDK processing. This version only understands SDK XML versions up to 3 but an SDK XML file of version 4 was encountered. This can happen if you use versions of Android Studio and the command-line tools that were released at different times.
> Task :memory:preBuild UP-TO-DATE
> Task :memory:preDebugBuild UP-TO-DATE
> Task :memory:mergeDebugJniLibFolders UP-TO-DATE
> Task :memory:mergeDebugNativeLibs NO-SOURCE
> Task :memory:stripDebugDebugSymbols NO-SOURCE
> Task :memory:copyDebugJniLibsProjectAndLocalJars UP-TO-DATE
> Task :core:checkKotlinGradlePluginConfigurationErrors
> Task :core:preBuild UP-TO-DATE
> Task :core:preDebugBuild UP-TO-DATE
> Task :core:generateDebugResValues UP-TO-DATE
> Task :core:generateDebugResources UP-TO-DATE
> Task :core:packageDebugResources UP-TO-DATE
> Task :core:parseDebugLocalResources UP-TO-DATE
> Task :core:processDebugManifest UP-TO-DATE
> Task :core:generateDebugRFile UP-TO-DATE
> Task :core:compileDebugKotlin UP-TO-DATE
> Task :core:javaPreCompileDebug UP-TO-DATE
> Task :core:compileDebugJavaWithJavac NO-SOURCE
> Task :core:bundleLibCompileToJarDebug UP-TO-DATE
> Task :memory:checkKotlinGradlePluginConfigurationErrors
> Task :memory:generateDebugResValues UP-TO-DATE
> Task :memory:generateDebugResources UP-TO-DATE
> Task :memory:packageDebugResources UP-TO-DATE
> Task :memory:parseDebugLocalResources UP-TO-DATE
> Task :memory:processDebugManifest UP-TO-DATE
> Task :memory:generateDebugRFile UP-TO-DATE
> Task :memory:compileDebugKotlin FAILED

FAILURE: Build failed with an exception.

* What went wrong:
Execution failed for task ':memory:compileDebugKotlin'.
> Inconsistent JVM-target compatibility detected for tasks 'compileDebugJavaWithJavac' (1.8) and 'compileDebugKotlin' (17).

  Consider using JVM Toolchain: https://kotl.in/gradle/jvm/toolchain
  Learn more about JVM-target validation: https://kotl.in/gradle/jvm/target-validation

* Try:
> Run with --stacktrace option to get the stack trace.
> Run with --info or --debug option to get more log output.
> Run with --scan to get full insights.
> Get more help at https://help.gradle.org.

BUILD FAILED in 12s
18 actionable tasks: 3 executed, 15 up-to-date
